2026-07-31 19:28:41.944 [info] [main] Log level: Info
2026-07-31 19:28:41.944 [info] [main] Validating found git in: "git"
2026-07-31 19:28:41.944 [info] [main] Using git "2.43.0" from "git"
2026-07-31 19:28:41.944 [info] [Model][doInitialScan] Initial repository scan started
2026-07-31 19:28:41.944 [info] > git rev-parse --show-toplevel [3ms]
2026-07-31 19:28:41.944 [info] fatal: not a git repository (or any parent up to mount point /)
Stopping at filesystem boundary (GIT_DISCOVERY_ACROSS_FILESYSTEM not set).
2026-07-31 19:28:41.944 [info] > git rev-parse --show-toplevel [2ms]
2026-07-31 19:28:41.944 [info] fatal: not a git repository (or any parent up to mount point /)
Stopping at filesystem boundary (GIT_DISCOVERY_ACROSS_FILESYSTEM not set).
2026-07-31 19:28:41.944 [info] > git rev-parse --show-toplevel [3ms]
2026-07-31 19:28:41.944 [info] fatal: not a git repository (or any parent up to mount point /)
Stopping at filesystem boundary (GIT_DISCOVERY_ACROSS_FILESYSTEM not set).
2026-07-31 19:28:41.944 [info] > git rev-parse --show-toplevel [2ms]
2026-07-31 19:28:41.944 [info] fatal: not a git repository (or any parent up to mount point /)
Stopping at filesystem boundary (GIT_DISCOVERY_ACROSS_FILESYSTEM not set).
2026-07-31 19:28:41.944 [info] > git rev-parse --show-toplevel [2ms]
2026-07-31 19:28:41.944 [info] fatal: not a git repository (or any parent up to mount point /)
Stopping at filesystem boundary (GIT_DISCOVERY_ACROSS_FILESYSTEM not set).
2026-07-31 19:28:41.944 [info] > git rev-parse --show-toplevel [2ms]
2026-07-31 19:28:41.944 [info] fatal: not a git repository (or any parent up to mount point /)
Stopping at filesystem boundary (GIT_DISCOVERY_ACROSS_FILESYSTEM not set).
2026-07-31 19:28:41.944 [info] > git rev-parse --show-toplevel [2ms]
2026-07-31 19:28:41.944 [info] fatal: not a git repository (or any parent up to mount point /)
Stopping at filesystem boundary (GIT_DISCOVERY_ACROSS_FILESYSTEM not set).
2026-07-31 19:28:41.944 [info] > git rev-parse --show-toplevel [2ms]
2026-07-31 19:28:41.944 [info] fatal: not a git repository (or any parent up to mount point /)
Stopping at filesystem boundary (GIT_DISCOVERY_ACROSS_FILESYSTEM not set).
2026-07-31 19:28:41.944 [info] > git rev-parse --show-toplevel [2ms]
2026-07-31 19:28:41.944 [info] fatal: not a git repository (or any parent up to mount point /)
Stopping at filesystem boundary (GIT_DISCOVERY_ACROSS_FILESYSTEM not set).
2026-07-31 19:28:41.944 [info] [Model][doInitialScan] Initial repository scan completed - repositories (0), closed repositories (0), parent repositories (0), unsafe repositories (0)
2026-07-31 19:28:41.944 [info] > git rev-parse --show-toplevel [11ms]
2026-07-31 19:28:41.944 [info] fatal: not a git repository (or any parent up to mount point /)
Stopping at filesystem boundary (GIT_DISCOVERY_ACROSS_FILESYSTEM not set).
2026-07-31 19:28:43.982 [info] > git rev-parse --show-toplevel [111ms]
2026-07-31 19:28:43.983 [info] fatal: not a git repository (or any parent up to mount point /)
Stopping at filesystem boundary (GIT_DISCOVERY_ACROSS_FILESYSTEM not set).
2026-07-31 19:28:44.028 [info] > git rev-parse --show-toplevel [15ms]
2026-07-31 19:28:44.028 [info] fatal: not a git repository (or any parent up to mount point /)
Stopping at filesystem boundary (GIT_DISCOVERY_ACROSS_FILESYSTEM not set).
2026-07-31 19:28:44.055 [info] > git rev-parse --show-toplevel [5ms]
2026-07-31 19:28:44.056 [info] fatal: not a git repository (or any parent up to mount point /)
Stopping at filesystem boundary (GIT_DISCOVERY_ACROSS_FILESYSTEM not set).
2026-07-31 19:28:44.356 [info] > git rev-parse --show-toplevel [7ms]
2026-07-31 19:28:44.356 [info] fatal: not a git repository (or any parent up to mount point /)
Stopping at filesystem boundary (GIT_DISCOVERY_ACROSS_FILESYSTEM not set).
2026-07-31 19:28:45.803 [info] > git rev-parse --show-toplevel [7ms]
2026-07-31 19:28:45.804 [info] fatal: not a git repository (or any parent up to mount point /)
Stopping at filesystem boundary (GIT_DISCOVERY_ACROSS_FILESYSTEM not set).
2026-07-31 19:28:50.169 [info] > git rev-parse --show-toplevel [2ms]
2026-07-31 19:28:50.169 [info] fatal: not a git repository (or any parent up to mount point /)
Stopping at filesystem boundary (GIT_DISCOVERY_ACROSS_FILESYSTEM not set).
2026-07-31 19:28:54.144 [info] > git rev-parse --show-toplevel [30ms]
2026-07-31 19:28:54.144 [info] fatal: not a git repository (or any parent up to mount point /)
Stopping at filesystem boundary (GIT_DISCOVERY_ACROSS_FILESYSTEM not set).
