2026-08-01 02:40:48.843 [info] [main] Log level: Info
2026-08-01 02:40:48.843 [info] [main] Validating found git in: "git"
2026-08-01 02:40:48.843 [info] [main] Using git "2.43.0" from "git"
2026-08-01 02:40:48.843 [info] [Model][doInitialScan] Initial repository scan started
2026-08-01 02:40:48.843 [info] > git rev-parse --show-toplevel [402ms]
2026-08-01 02:40:48.843 [info] fatal: not a git repository (or any parent up to mount point /)
Stopping at filesystem boundary (GIT_DISCOVERY_ACROSS_FILESYSTEM not set).
2026-08-01 02:40:48.863 [info] > git rev-parse --show-toplevel [2ms]
2026-08-01 02:40:48.863 [info] fatal: not a git repository (or any parent up to mount point /)
Stopping at filesystem boundary (GIT_DISCOVERY_ACROSS_FILESYSTEM not set).
2026-08-01 02:40:48.869 [info] > git rev-parse --show-toplevel [2ms]
2026-08-01 02:40:48.869 [info] fatal: not a git repository (or any parent up to mount point /)
Stopping at filesystem boundary (GIT_DISCOVERY_ACROSS_FILESYSTEM not set).
2026-08-01 02:40:48.874 [info] > git rev-parse --show-toplevel [2ms]
2026-08-01 02:40:48.874 [info] fatal: not a git repository (or any parent up to mount point /)
Stopping at filesystem boundary (GIT_DISCOVERY_ACROSS_FILESYSTEM not set).
2026-08-01 02:40:48.879 [info] > git rev-parse --show-toplevel [1ms]
2026-08-01 02:40:48.879 [info] fatal: not a git repository (or any parent up to mount point /)
Stopping at filesystem boundary (GIT_DISCOVERY_ACROSS_FILESYSTEM not set).
2026-08-01 02:40:48.884 [info] > git rev-parse --show-toplevel [1ms]
2026-08-01 02:40:48.884 [info] fatal: not a git repository (or any parent up to mount point /)
Stopping at filesystem boundary (GIT_DISCOVERY_ACROSS_FILESYSTEM not set).
2026-08-01 02:40:48.889 [info] > git rev-parse --show-toplevel [1ms]
2026-08-01 02:40:48.889 [info] fatal: not a git repository (or any parent up to mount point /)
Stopping at filesystem boundary (GIT_DISCOVERY_ACROSS_FILESYSTEM not set).
2026-08-01 02:40:48.895 [info] > git rev-parse --show-toplevel [1ms]
2026-08-01 02:40:48.895 [info] fatal: not a git repository (or any parent up to mount point /)
Stopping at filesystem boundary (GIT_DISCOVERY_ACROSS_FILESYSTEM not set).
2026-08-01 02:40:48.900 [info] > git rev-parse --show-toplevel [2ms]
2026-08-01 02:40:48.900 [info] fatal: not a git repository (or any parent up to mount point /)
Stopping at filesystem boundary (GIT_DISCOVERY_ACROSS_FILESYSTEM not set).
2026-08-01 02:40:48.901 [info] [Model][doInitialScan] Initial repository scan completed - repositories (0), closed repositories (0), parent repositories (0), unsafe repositories (0)
2026-08-01 02:40:54.733 [info] > git rev-parse --show-toplevel [115ms]
2026-08-01 02:40:54.733 [info] fatal: not a git repository (or any parent up to mount point /)
Stopping at filesystem boundary (GIT_DISCOVERY_ACROSS_FILESYSTEM not set).
2026-08-01 02:40:55.110 [info] > git rev-parse --show-toplevel [9ms]
2026-08-01 02:40:55.110 [info] fatal: not a git repository (or any parent up to mount point /)
Stopping at filesystem boundary (GIT_DISCOVERY_ACROSS_FILESYSTEM not set).
2026-08-01 02:41:52.552 [info] > git rev-parse --show-toplevel [2ms]
2026-08-01 02:41:52.552 [info] fatal: not a git repository (or any parent up to mount point /)
Stopping at filesystem boundary (GIT_DISCOVERY_ACROSS_FILESYSTEM not set).
2026-08-01 02:42:01.234 [info] > git rev-parse --show-toplevel [3ms]
2026-08-01 02:42:01.234 [info] fatal: not a git repository (or any parent up to mount point /)
Stopping at filesystem boundary (GIT_DISCOVERY_ACROSS_FILESYSTEM not set).
2026-08-01 02:42:01.263 [info] > git rev-parse --show-toplevel [7ms]
2026-08-01 02:42:01.263 [info] fatal: not a git repository (or any parent up to mount point /)
Stopping at filesystem boundary (GIT_DISCOVERY_ACROSS_FILESYSTEM not set).
2026-08-01 02:42:01.309 [info] > git rev-parse --show-toplevel [10ms]
2026-08-01 02:42:01.309 [info] fatal: not a git repository (or any parent up to mount point /)
Stopping at filesystem boundary (GIT_DISCOVERY_ACROSS_FILESYSTEM not set).
2026-08-01 02:42:01.346 [info] > git rev-parse --show-toplevel [5ms]
2026-08-01 02:42:01.346 [info] fatal: not a git repository (or any parent up to mount point /)
Stopping at filesystem boundary (GIT_DISCOVERY_ACROSS_FILESYSTEM not set).
2026-08-01 02:42:01.389 [info] > git rev-parse --show-toplevel [5ms]
2026-08-01 02:42:01.389 [info] fatal: not a git repository (or any parent up to mount point /)
Stopping at filesystem boundary (GIT_DISCOVERY_ACROSS_FILESYSTEM not set).
2026-08-01 02:42:01.419 [info] > git rev-parse --show-toplevel [8ms]
2026-08-01 02:42:01.419 [info] fatal: not a git repository (or any parent up to mount point /)
Stopping at filesystem boundary (GIT_DISCOVERY_ACROSS_FILESYSTEM not set).
2026-08-01 02:42:01.481 [info] > git rev-parse --show-toplevel [17ms]
2026-08-01 02:42:01.481 [info] fatal: not a git repository (or any parent up to mount point /)
Stopping at filesystem boundary (GIT_DISCOVERY_ACROSS_FILESYSTEM not set).
2026-08-01 02:42:02.182 [info] > git rev-parse --show-toplevel [656ms]
2026-08-01 02:42:02.182 [info] fatal: not a git repository (or any parent up to mount point /)
Stopping at filesystem boundary (GIT_DISCOVERY_ACROSS_FILESYSTEM not set).
2026-08-01 02:42:02.224 [info] > git rev-parse --show-toplevel [19ms]
2026-08-01 02:42:02.224 [info] fatal: not a git repository (or any parent up to mount point /)
Stopping at filesystem boundary (GIT_DISCOVERY_ACROSS_FILESYSTEM not set).
2026-08-01 02:42:02.248 [info] > git rev-parse --show-toplevel [5ms]
2026-08-01 02:42:02.248 [info] fatal: not a git repository (or any parent up to mount point /)
Stopping at filesystem boundary (GIT_DISCOVERY_ACROSS_FILESYSTEM not set).
2026-08-01 02:42:02.726 [info] > git rev-parse --show-toplevel [11ms]
2026-08-01 02:42:02.726 [info] fatal: not a git repository (or any parent up to mount point /)
Stopping at filesystem boundary (GIT_DISCOVERY_ACROSS_FILESYSTEM not set).
2026-08-01 02:42:40.137 [info] > git rev-parse --show-toplevel [2ms]
2026-08-01 02:42:40.137 [info] fatal: not a git repository (or any parent up to mount point /)
Stopping at filesystem boundary (GIT_DISCOVERY_ACROSS_FILESYSTEM not set).
2026-08-01 02:52:26.158 [info] > git rev-parse --show-toplevel [2ms]
2026-08-01 02:52:26.158 [info] fatal: not a git repository (or any parent up to mount point /)
Stopping at filesystem boundary (GIT_DISCOVERY_ACROSS_FILESYSTEM not set).
