2026-08-02 13:00:06.046 [warning] Dir "/home/kemprodevelopment/.pixi/envs" is not watchable (directory does not exist)
2026-08-02 13:00:07.635 [info] Starting Environment refresh
2026-08-02 13:00:07.635 [info] Searching for interpreters in posix paths locator
2026-08-02 13:00:07.644 [info] Searching for pyenv environments
2026-08-02 13:00:07.644 [info] Searching for conda environments
2026-08-02 13:00:07.645 [info] Searching for global virtual environments
2026-08-02 13:00:07.645 [info] Searching for custom virtual environments
2026-08-02 13:00:09.162 [info] Skipping ActivatedEnv Detection:  process.env.VSCODE_CLI !== '1'
2026-08-02 13:00:09.163 [info] Skipping ActivatedEnv Detection:  process.env.VSCODE_CLI !== '1'
2026-08-02 13:00:09.185 [info] pyenv is not installed
2026-08-02 13:00:09.185 [info] Finished searching for pyenv environments: 1549 milliseconds
2026-08-02 13:00:09.186 [info] Finished searching for custom virtual envs: 1548 milliseconds
2026-08-02 13:00:09.195 [info] > conda info --json
2026-08-02 13:00:09.206 [info] > hatch env show --json
2026-08-02 13:00:09.206 [info] cwd: .
2026-08-02 13:00:09.221 [info] > pyenv which python
2026-08-02 13:00:09.222 [info] cwd: .
2026-08-02 13:00:09.222 [info] Finished searching for global virtual envs: 1585 milliseconds
2026-08-02 13:00:09.228 [info] Found: /bin/python --> /bin/python3.12
2026-08-02 13:00:09.230 [info] Found: /bin/python3 --> /bin/python3.12
2026-08-02 13:00:09.231 [info] Found: /bin/python3.12 --> /bin/python3.12
2026-08-02 13:00:09.257 [info] Found: /usr/bin/python --> /usr/bin/python3.12
2026-08-02 13:00:09.258 [info] Found: /usr/bin/python3 --> /usr/bin/python3.12
2026-08-02 13:00:09.258 [info] Found: /usr/bin/python3.12 --> /usr/bin/python3.12
2026-08-02 13:00:09.291 [info] Finished searching for interpreters in posix paths locator: 1655 milliseconds
2026-08-02 13:00:09.291 [info] > /bin/python -I /google/devshell/editor/code-oss-for-cloud-shell/extensions/ms-python.python/python_files/get_output_via_markers.py /google/devshell/editor/code-oss-for-cloud-shell/extensions/ms-python.python/python_files/interpreterInfo.py
2026-08-02 13:00:09.323 [info] > /usr/bin/python -I /google/devshell/editor/code-oss-for-cloud-shell/extensions/ms-python.python/python_files/get_output_via_markers.py /google/devshell/editor/code-oss-for-cloud-shell/extensions/ms-python.python/python_files/interpreterInfo.py
2026-08-02 13:00:09.323 [info] Environments refresh paths discovered (event): 1691 milliseconds
2026-08-02 13:00:09.323 [info] Environments refresh paths discovered: 1691 milliseconds
2026-08-02 13:00:09.391 [info] Environments refresh finished (event): 1759 milliseconds
2026-08-02 13:00:09.402 [info] Environment refresh took 1769 milliseconds
2026-08-02 13:00:09.407 [info] Python interpreter path: /bin/python
2026-08-02 13:00:29.738 [info] Starting Jedi language server for kemprodevelopment.
